
> warden@0.1.0 build
> next build

Γû▓ Next.js 16.1.6 (Turbopack)
- Environments: .env.local

  Creating an optimized production build ...
Γ£ô Compiled successfully in 8.5s
  Running TypeScript ...
node.exe : Failed to compile.
At line:1 char:1
+ & "C:\Program Files\nodejs/node.exe" 
"C:\Program Files\nodejs/node_mo ...
+ ~~~~~~~~~~~~~~~~~~~~~~~~~~~~~~~~~~~~~~~~~~
~~~~~~~~~~~~~~~~~~~~~~~~~~~
    + CategoryInfo          : NotSpecified: 
    (Failed to compile.:String) [], Remote  
  Exception
    + FullyQualifiedErrorId : NativeCommand 
   Error
 

.next/dev/types/validator.ts:395:39
Type error: File 
'D:/warden/app/promo/page.tsx' is not a 
module.

[0m [90m 393 |[39m {
 [90m 394 |[39m   type 
__IsExpected[33m<[39m[33mSpecific[39m 
[36mextends[39m [33mAppPageConfig[39m[3
3m<[39m[32m"/promo"[39m[33m>>[39m 
[33m=[39m [33mSpecific[39m
[31m[1m>[22m[39m[90m 395 |[39m   
[36mconst[39m handler [33m=[39m {} 
[36mas[39m [36mtypeof[39m [36mimport[3
9m([32m"../../../app/promo/page.js"[39m)
 [90m     |[39m                           
            [31m[1m^[22m[39m
 [90m 396 |[39m   type __Check 
[33m=[39m 
__IsExpected[33m<[39m[36mtypeof[39m 
handler[33m>[39m
 [90m 397 |[39m   [90m// @ts-ignore[39m
 [90m 398 |[39m   type __Unused 
[33m=[39m __Check[0m
Next.js build worker exited with code: 1 
and signal: null
