Γ£à Environment loaded.
≡ƒÅü STARTING DISPATCH & LIFECYCLE TESTS
ΓòÉΓòÉΓòÉΓòÉΓòÉΓòÉΓòÉΓòÉΓòÉΓòÉΓòÉΓòÉΓòÉΓòÉΓòÉΓòÉΓòÉΓòÉΓòÉΓòÉΓòÉΓòÉΓòÉΓòÉΓòÉΓòÉΓòÉΓòÉΓòÉΓòÉΓòÉΓòÉΓòÉΓòÉΓòÉΓòÉΓòÉΓòÉΓòÉΓòÉΓòÉΓòÉΓòÉΓòÉΓòÉΓòÉΓòÉΓòÉΓòÉΓòÉ

≡ƒÜÇ πÇÉSCENARIO 1πÇæ DISPATCH LOGIC (Filtering & Sorting)
  - Testing Online Filter...
  Γ£à PASS: Filter Offline Driver bekerja
  - Testing COD Saldo Constraint...
  Γ£à PASS: Constraint Saldo COD bekerja
  - Testing Distance Priority...
  Γ£à PASS: Driver terdekat dipilih utama
  - Testing Auto-Accept...
  Γ£à PASS: Auto-accept merubah status order

≡ƒôª πÇÉSCENARIO 2πÇæ ORDER LIFECYCLE (Status Transitions)
  - Step: Driver Accept...
  Γ£à PASS: Status: Kurir Menuju Lokasi
  - Step: Sampai di Toko...
  Γ£à PASS: Status: Kurir di Toko
  - Step: Mulai Antar (Dikirim)...
  Γ£à PASS: Status: Dikirim
  - Step: Sampai di Lokasi User...
  Γ£à PASS: Status: Kurir di Lokasi
  - Step: Selesaikan Pesanan...
  Γ£à PASS: Status: Selesai
  - Step: Verifikasi Distribusi Komisi (RPC)...
node.exe :   Γ¥î FAIL: RPC Komisi Error tidak terduga {
At line:1 char:1
+ & "C:\Program Files\nodejs/node.exe" "C:\Program 
Files\nodejs/node_mo ...
+ ~~~~~~~~~~~~~~~~~~~~~~~~~~~~~~~~~~~~~~~~~~~~~~~~~~~~~~
~~~~~~~~~~~~~~~
    + CategoryInfo          : NotSpecified: (  Γ¥î FAIL 
   : RPC...tidak terduga {:String) [], RemoteException
    + FullyQualifiedErrorId : NativeCommandError
 
  code: '42703',
  details: null,
  hint: null,
  message: 'record "v_order" has no field "driver_id"'
}

ΓòÉΓòÉΓòÉΓòÉΓòÉΓòÉΓòÉΓòÉΓòÉΓòÉΓòÉΓòÉΓòÉΓòÉΓòÉΓòÉΓòÉΓòÉΓòÉΓòÉΓòÉΓòÉΓòÉΓòÉΓòÉΓòÉΓòÉΓòÉΓòÉΓòÉΓòÉΓòÉΓòÉΓòÉΓòÉΓòÉΓòÉΓòÉΓòÉΓòÉΓòÉΓòÉΓòÉΓòÉΓòÉΓòÉΓòÉΓòÉΓòÉΓòÉ
  RESULTS: 9 passed ┬╖ 1 failed
ΓòÉΓòÉΓòÉΓòÉΓòÉΓòÉΓòÉΓòÉΓòÉΓòÉΓòÉΓòÉΓòÉΓòÉΓòÉΓòÉΓòÉΓòÉΓòÉΓòÉΓòÉΓòÉΓòÉΓòÉΓòÉΓòÉΓòÉΓòÉΓòÉΓòÉΓòÉΓòÉΓòÉΓòÉΓòÉΓòÉΓòÉΓòÉΓòÉΓòÉΓòÉΓòÉΓòÉΓòÉΓòÉΓòÉΓòÉΓòÉΓòÉΓòÉ
